// Jest Snapshot v1, https://goo.gl/fbAQLP

exports[`NGLComponent Should match existing snapshot when unconnected to a context. 1`] = `
<ComponentCard
  componentName="NGL Viewer"
  frameHeight={0}
  frameWidth={0}
  headerHeight={32}
  height="525px"
  iconSrc="assets/icons/spring-icon.png"
  isFramedComponent={false}
  isFullPage={false}
  menuItems={
    Array [
      Object {
        "component": Object {
          "configs": Array [
            Object {
              "name": "Clear Selections",
              "onClick": [Function],
              "type": "BUTTON",
            },
            Object {
              "current": "CLOSEST",
              "name": "Proximity Metric",
              "onChange": [Function],
              "options": Array [
                "Closest",
                "C-Î±",
              ],
              "type": "RADIO",
            },
            Object {
              "current": "default",
              "name": "Structure Representation Type",
              "onChange": [Function],
              "options": Array [
                "Default",
                "Spacefill",
                "Backbone",
                "Cartoon",
                "Surface",
                "Tube",
              ],
              "type": "RADIO",
            },
          ],
          "name": "SIDEBAR",
          "props": Object {
            "trigger": <Icon
              as="i"
              name="setting"
            />,
          },
        },
        "description": "Settings",
      },
    ]
  }
  padding={0}
  showSettings={false}
  width="525px"
>
  <div
    className="NGLComponent"
    style={
      Object {
        "height": "90%",
        "width": "100%",
      }
    }
  >
    <Dimmer
      active={false}
    >
      <Loader />
    </Dimmer>
    <div
      className="NGLCanvas"
      onKeyDown={[Function]}
      onMouseLeave={[Function]}
      role="img"
      style={
        Object {
          "height": "100%",
          "width": "100%",
        }
      }
    />
  </div>
  <div
    style={
      Object {
        "bottom": "20px",
        "position": "absolute",
        "right": "20px",
        "userSelect": "none",
      }
    }
  >
    <a
      aria-pressed={false}
      onClick={[Function]}
      role="button"
    >
      Superposition: off
    </a>
  </div>
</ComponentCard>
`;
