// Jest Snapshot v1, https://goo.gl/fbAQLP

exports[`TComponent Should match existing snapshot when given simple data. 1`] = `
<ContextConsumer>
  <Component />
</ContextConsumer>
`;
