// Jest Snapshot v1, https://goo.gl/fbAQLP

exports[`ChellContext Should match the default snapshot. 1`] = `
<SecondaryStructureContextHandler>
  <ContextProvider
    value={
      Object {
        "addCells": [Function],
        "currentCells": Array [],
        "removeAllCells": [Function],
        "removeCells": [Function],
      }
    }
  >
    <ContextProvider
      value={
        Object {
          "addCandidateResidues": [Function],
          "addHoveredResidues": [Function],
          "addLockedResiduePair": [Function],
          "candidateResidues": Array [],
          "clearAllResidues": [Function],
          "hoveredResidues": Array [],
          "lockedResiduePairs": Map {},
          "removeAllLockedResiduePairs": [Function],
          "removeCandidateResidues": [Function],
          "removeHoveredResidues": [Function],
          "removeLockedResiduePair": [Function],
          "removeNonLockedResidues": [Function],
          "toggleLockedResiduePair": [Function],
        }
      }
    />
  </ContextProvider>
</SecondaryStructureContextHandler>
`;
