// Jest Snapshot v1, https://goo.gl/fbAQLP

exports[`CouplingContext Should match the default snapshot. 1`] = `
<SecondaryStructureContext>
  <ResidueContext>
    <ContextProvider
      value={
        Object {
          "couplingScores": CouplingContainer {
            "colCounter": 0,
            "contacts": Array [],
            "getCouplingScore": [Function],
            "includes": [Function],
            "rowCounter": 0,
            "totalStoredContacts": 0,
          },
        }
      }
    />
  </ResidueContext>
</SecondaryStructureContext>
`;
