// Jest Snapshot v1, https://goo.gl/fbAQLP

exports[`SpringContext Should match the default snapshot. 1`] = `
<div
  addCategories={[Function]}
  addCategory={[Function]}
  graphData={
    Object {
      "links": Array [],
      "nodes": Array [],
    }
  }
  handleCategory={[Function]}
  removeCategory={[Function]}
  selectedCategories={Array []}
  setCategories={[Function]}
  toggleCategory={[Function]}
/>
`;
