// Jest Snapshot v1, https://goo.gl/fbAQLP

exports[`IGVContainer Should match the snapshot when using default props. 1`] = `
<div
  className="igv-container"
  style={
    Object {
      "height": "600px",
      "width": "600px",
    }
  }
/>
`;
