// Jest Snapshot v1, https://goo.gl/fbAQLP

exports[`SiteHeader Should match existing snapshot. 1`] = `
<Header>
  <Menu
    borderless={true}
    fluid={true}
    secondary={true}
    style={
      Object {
        "maxHeight": "40px",
        "padding": "20px 0 0 0",
      }
    }
  >
    <MenuItem
      fitted="vertically"
      position="left"
    >
      <Link
        replace={false}
        to="/"
      >
        <img
          alt="hca-dynamics-icon"
          src="assets/icons/bio-blocks-icon-2x.png"
          style={
            Object {
              "height": "32px",
              "width": "32px",
            }
          }
        />
        <span
          style={
            Object {
              "color": "black",
              "fontSize": "32px",
              "fontWeight": "bold",
            }
          }
        >
          HCA Dynamics
        </span>
      </Link>
    </MenuItem>
    <Menu
      defaultActiveIndex={-1}
      secondary={true}
    >
      <MenuItem
        disabled={false}
        key="dataset"
        onClick={[Function]}
        style={
          Object {
            "color": "black",
            "fontSize": "18px",
          }
        }
      >
        dataset 
        <Modal
          centered={true}
          closeOnDimmerClick={true}
          closeOnDocumentClick={false}
          dimmer={true}
          eventPool="Modal"
          onClose={[Function]}
          open={false}
        >
          <ModalContent>
             
            <Container
              fluid={true}
            >
              <Header>
                datasets
              </Header>
              <Divider />
              <Tab
                defaultActiveIndex={1}
                grid={
                  Object {
                    "paneWidth": 12,
                    "tabWidth": 4,
                  }
                }
                menu={
                  Object {
                    "pointing": true,
                    "secondary": true,
                  }
                }
                panes={
                  Array [
                    Object {
                      "menuItem": "human cell atlas",
                      "render": [Function],
                    },
                    Object {
                      "menuItem": "HCA Dynamics public",
                      "render": [Function],
                    },
                    Object {
                      "menuItem": "upload from computer",
                      "render": [Function],
                    },
                  ]
                }
                renderActiveOnly={true}
              />
            </Container>
          </ModalContent>
        </Modal>
      </MenuItem>
      <MenuItem
        key="visualizations"
      >
        <Link
          replace={false}
          style={
            Object {
              "color": "black",
              "fontSize": "18px",
            }
          }
          to="/visualizations"
        >
          visualizations
        </Link>
      </MenuItem>
      <MenuItem
        key="stories"
      >
        <Link
          replace={false}
          style={
            Object {
              "color": "black",
              "fontSize": "18px",
            }
          }
          to="/stories"
        >
          stories
        </Link>
      </MenuItem>
    </Menu>
    <MenuItem
      position="right"
    >
      <Input
        icon="search"
        size="massive"
        transparent={true}
        type="text"
      />
    </MenuItem>
  </Menu>
  <Breadcrumb
    style={
      Object {
        "padding": "0 0 0 40px",
      }
    }
  >
    <BreadcrumbSection>
      <Link
        replace={false}
        to="/"
      >
        home
      </Link>
    </BreadcrumbSection>
  </Breadcrumb>
</Header>
`;
