// Jest Snapshot v1, https://goo.gl/fbAQLP

exports[`SpringContainer Should match existing snapshot. 1`] = `
<Provider
  store={
    Object {
      "dispatch": [Function],
      "getState": [Function],
      "replaceReducer": [Function],
      "subscribe": [Function],
      Symbol(observable): [Function],
    }
  }
>
  <ComponentCard
    componentName="SPRING"
    dockItems={Array []}
    expandedStyle={
      Object {
        "height": "85vh",
        "width": "85vh",
      }
    }
    frameHeight={1150}
    frameWidth={1150}
    headerHeight={20}
    height="525px"
    iconSrc="https://bioblocks.org/media/5d3f528028d9720a3428e4b2"
    isDataReady={false}
    isFramedComponent={true}
    isFullPage={false}
    menuItems={Array []}
    padding={0}
    showSettings={false}
    width="525px"
  >
    <IframeComm
      attributes={
        Object {
          "allowFullScreen": true,
          "height": 1168,
          "src": "http://localhost//springViewer.html?datasets/hpc/full",
          "width": 1150,
        }
      }
      handleReady={[Function]}
      handleReceiveMessage={[Function]}
      postMessageData={
        Object {
          "payload": Object {},
          "type": "init",
        }
      }
      serializeMessage={true}
      targetOrigin="http://localhost"
    />
  </ComponentCard>
</Provider>
`;
