// Jest Snapshot v1, https://goo.gl/fbAQLP

exports[`ChellVizApp Should match existing snapshot when given no props. 1`] = `
<div
  id="ChellVizApp"
>
  <Grid
    divided="vertically"
  >
    <GridRow>
      <VizPanelContainer
        allowUploads={false}
        dataDirs={
          Array [
            "assets/datasets/hpc/full",
          ]
        }
        initialVisualizations={
          Array [
            "Spring",
            "TENSOR-T-SNE",
          ]
        }
        numPanels={2}
        supportedVisualizations={
          Array [
            "Spring",
            "TENSOR-T-SNE",
          ]
        }
      />
    </GridRow>
    <AnatomogramContainer
      height="300px"
      style={Object {}}
      width="400px"
    />
    <GridRow
      centered={true}
      style={
        Object {
          "padding": "0 50px",
        }
      }
    >
      <IframeComm
        attributes={
          Object {
            "height": "500px",
            "src": "undefined/morpheus.html",
            "width": "100%",
          }
        }
        postMessageData={Object {}}
        serializeMessage={true}
        targetOrigin="*"
      />
    </GridRow>
  </Grid>
</div>
`;
