// Jest Snapshot v1, https://goo.gl/fbAQLP

exports[`SettingsPanel Should display a placeholder message if given an unhandled configuration type. 1`] = `
<GridRow
  key="player-hp-0"
>
  configuration for player-hp-0
</GridRow>
`;

exports[`SettingsPanel Should match the existing snapshot when given no configurations. 1`] = `
<div>
  <Grid
    columns={1}
  >
    <GridColumn>
      <Button
        as="button"
        basic={true}
        floated="right"
        icon="settings"
        onClick={[Function]}
        role="button"
      />
    </GridColumn>
    <SidebarPushable
      style={
        Object {
          "width": "100%",
        }
      }
    >
      <Sidebar
        animation="overlay"
        as={[Function]}
        direction="left"
        duration={500}
        inverted={true}
        style={
          Object {
            "opacity": 0.6,
            "width": "100%",
          }
        }
        vertical={true}
        visible={false}
      >
        <Grid
          centered={true}
        />
      </Sidebar>
      <SidebarPusher />
    </SidebarPushable>
  </Grid>
</div>
`;
