// Jest Snapshot v1, https://goo.gl/fbAQLP

exports[`LandingPage Should match existing snapshot. 1`] = `
<Container
  fluid={false}
>
  <Segment
    basic={true}
    padded="very"
  >
    <Grid
      centered={true}
      padded={true}
      relaxed={true}
    >
      <GridRow
        centered={false}
      >
        <GridColumn
          width={12}
        >
          <Header
            floated="left"
          >
            Featured Stories
          </Header>
          <Divider
            section={true}
          />
        </GridColumn>
      </GridRow>
      <GridRow
        columns={3}
      >
        <GridColumn
          width={2}
        >
          <img
            alt="story Trajectory analysis of differentiating HPCs icon"
            src="assets/icons/example_spring-hpc.png"
            style={
              Object {
                "height": "90px",
                "width": "90px",
              }
            }
          />
        </GridColumn>
        <GridColumn
          textAlign="left"
          width={8}
        >
          <Header>
            Trajectory analysis of differentiating HPCs
          </Header>
          <p>
            <span
              style={
                Object {
                  "fontWeight": "bold",
                }
              }
            >
              Description: 
            </span>
            We analyze scRNA seq of ~5000 differentiating    hematopoietic cells using SPRING - a tool for uncovering    high-dimensional structure in single-cell gene expression data.
          </p>
          <p>
            <span
              style={
                Object {
                  "fontWeight": "bold",
                }
              }
            >
              Analysis authors: 
            </span>
            Caleb Weinreb, Samuel Wolock, Allon Klein
          </p>
        </GridColumn>
        <GridColumn
          width={2}
        >
          <Button
            as="button"
            basic={true}
            role="button"
          >
            <Link
              replace={false}
              to="/dataset?name=hpc/full&viz=spring"
            >
              launch
            </Link>
          </Button>
        </GridColumn>
      </GridRow>
      <GridRow
        columns={3}
      >
        <GridColumn
          width={2}
        >
          <img
            alt="story Dimensionality-reduction analysis of tabula muris icon"
            src="assets/icons/example_spring-tsne-anatomogram.png"
            style={
              Object {
                "height": "90px",
                "width": "90px",
              }
            }
          />
        </GridColumn>
        <GridColumn
          textAlign="left"
          width={8}
        >
          <Header>
            Dimensionality-reduction analysis of tabula muris
          </Header>
          <p>
            <span
              style={
                Object {
                  "fontWeight": "bold",
                }
              }
            >
              Description: 
            </span>
            Analysis of single cell transcriptomics of 20 mouse organs    from the tabula muris project.
          </p>
          <p>
            <span
              style={
                Object {
                  "fontWeight": "bold",
                }
              }
            >
              Analysis authors: 
            </span>
            Drew Diamantoukos and Nicholas Gauthier
          </p>
        </GridColumn>
        <GridColumn
          width={2}
        >
          <Button
            as="button"
            basic={true}
            role="button"
          >
            <Link
              replace={false}
              to="/dataset?name=tabula_muris/full&viz=spring&viz=tfjs-tsne&viz=anatomogram"
            >
              launch
            </Link>
          </Button>
        </GridColumn>
      </GridRow>
      <GridRow
        centered={false}
      >
        <GridColumn
          width={12}
        >
          <Link
            replace={false}
            style={
              Object {
                "color": "blue",
                "float": "right",
              }
            }
            to="stories"
          >
            more stories...
          </Link>
        </GridColumn>
      </GridRow>
      <GridRow
        centered={false}
      >
        <GridColumn
          width={12}
        >
          <Header
            floated="left"
          >
            Featured Visualizations
          </Header>
          <Divider
            section={true}
          />
        </GridColumn>
      </GridRow>
      <GridRow
        columns={3}
      >
        <GridColumn
          width={2}
        >
          <img
            alt="viz SPRING icon"
            src="assets/icons/spring-thumbnail.png"
            style={
              Object {
                "height": "90px",
                "width": "90px",
              }
            }
          />
        </GridColumn>
        <GridColumn
          textAlign="left"
          width={8}
        >
          <Header>
            SPRING
          </Header>
          SPRING is a tool for uncovering high-dimensional structure in single-cell expression data.
          <p>
            <span
              style={
                Object {
                  "fontWeight": "bold",
                }
              }
            >
              Authors
              : 
            </span>
            Caleb Weinreb, Samuel Wolock, Allon Klein
          </p>
        </GridColumn>
        <GridColumn
          width={2}
        >
          <GridRow>
            <Button
              as="button"
              basic={true}
              role="button"
            >
              <Link
                replace={false}
                to={
                  Object {
                    "pathname": "/visualizations/",
                    "search": "?name=spring",
                  }
                }
              >
                details
              </Link>
            </Button>
          </GridRow>
          <GridRow>
            <Button
              as="button"
              basic={true}
              role="button"
            >
              <Link
                replace={false}
                to={
                  Object {
                    "pathname": "/dataset",
                    "search": "?viz=spring",
                  }
                }
              >
                launch
              </Link>
            </Button>
          </GridRow>
        </GridColumn>
      </GridRow>
      <GridRow
        columns={3}
      >
        <GridColumn
          width={2}
        >
          <img
            alt="viz tfjs-tsne icon"
            src="assets/icons/tfjs-tsne-thumbnail.png"
            style={
              Object {
                "height": "90px",
                "width": "90px",
              }
            }
          />
        </GridColumn>
        <GridColumn
          textAlign="left"
          width={8}
        >
          <Header>
            tfjs-tsne
          </Header>
          Improved tSNE implementation that runs in the browser.
          <p>
            <span
              style={
                Object {
                  "fontWeight": "bold",
                }
              }
            >
              Original authors
              : 
            </span>
            Yannick Assogba
          </p>
        </GridColumn>
        <GridColumn
          width={2}
        >
          <GridRow>
            <Button
              as="button"
              basic={true}
              role="button"
            >
              <Link
                replace={false}
                to={
                  Object {
                    "pathname": "/visualizations/",
                    "search": "?name=tfjs-tsne",
                  }
                }
              >
                details
              </Link>
            </Button>
          </GridRow>
          <GridRow>
            <Button
              as="button"
              basic={true}
              role="button"
            >
              <Link
                replace={false}
                to={
                  Object {
                    "pathname": "/dataset",
                    "search": "?viz=tfjs-tsne",
                  }
                }
              >
                launch
              </Link>
            </Button>
          </GridRow>
        </GridColumn>
      </GridRow>
      <GridRow
        columns={3}
      >
        <GridColumn
          floated="right"
          width={12}
        >
          <Link
            replace={false}
            style={
              Object {
                "color": "blue",
              }
            }
            to="visualizations"
          >
            more visualizations...
          </Link>
        </GridColumn>
      </GridRow>
      <GridRow
        centered={true}
      >
        <GridColumn
          width={12}
        >
          <Header
            floated="left"
          >
            Featured Datasets
          </Header>
          <Divider
            section={true}
          />
        </GridColumn>
      </GridRow>
      <GridRow
        columns={2}
        divided={true}
      >
        <GridColumn
          width={3}
        >
          <GridRow>
            <img
              alt="human cell atlas logo"
              src="assets/icons/hca-logo.png"
              style={
                Object {
                  "height": "250px",
                  "width": "150px",
                }
              }
            />
            <GridRow>
              <a
                href="https://preview.data.humancellatlas.org/"
              >
                Search HCA datasets ...
              </a>
            </GridRow>
          </GridRow>
        </GridColumn>
        <GridColumn
          stretched={true}
          textAlign="left"
          width={8}
        >
          <GridRow
            textAlign="center"
          >
            <Header
              as="h2"
              textAlign="center"
            >
              User shared
            </Header>
          </GridRow>
          <br />
          <GridRow>
            <GridRow
              columns={2}
            >
              <GridColumn
                floated="left"
              >
                <Header>
                  Differentiating hematopoietic cells
                </Header>
                <p>
                  Hematopoietic cells were subjected to barcoding andaliquots were subjected to scRNAseq as they underwentdifferentiation.
                  <br />
                  <span
                    style={
                      Object {
                        "fontWeight": "bold",
                      }
                    }
                  >
                    Authors: 
                  </span>
                  Caleb Weinreb, Samuel Wolock, Allon klein
                </p>
              </GridColumn>
              <GridColumn
                floated="right"
              >
                <Button
                  as="button"
                  basic={true}
                  floated="right"
                  role="button"
                >
                  <Link
                    replace={false}
                    to=""
                  >
                    details
                  </Link>
                </Button>
                <Button
                  as="button"
                  basic={true}
                  floated="right"
                  role="button"
                >
                  <Link
                    replace={false}
                    to=""
                  >
                    analyze
                  </Link>
                </Button>
              </GridColumn>
            </GridRow>
          </GridRow>
          <GridRow>
            <GridRow
              columns={2}
            >
              <GridColumn
                floated="left"
              >
                <Header>
                  Tabula muris - scRNAseq of 20 mouse organs
                </Header>
                <p>
                  A compendium of single-cell transcriptomic data from the  model organism Mus musculus that comprises more than  100,000 cells from 20 organs and tissues
                  <br />
                  <span
                    style={
                      Object {
                        "fontWeight": "bold",
                      }
                    }
                  >
                    Authors: 
                  </span>
                  The Tabula Muris Consortium
                </p>
              </GridColumn>
              <GridColumn
                floated="right"
              >
                <Button
                  as="button"
                  basic={true}
                  floated="right"
                  role="button"
                >
                  <Link
                    replace={false}
                    to=""
                  >
                    details
                  </Link>
                </Button>
                <Button
                  as="button"
                  basic={true}
                  floated="right"
                  role="button"
                >
                  <Link
                    replace={false}
                    to=""
                  >
                    analyze
                  </Link>
                </Button>
              </GridColumn>
            </GridRow>
          </GridRow>
        </GridColumn>
      </GridRow>
      <GridRow
        centered={false}
      >
        <GridColumn
          width={12}
        >
          <Link
            replace={false}
            style={
              Object {
                "color": "blue",
                "float": "right",
              }
            }
            to="datasets"
          >
            more datasets...
          </Link>
        </GridColumn>
      </GridRow>
    </Grid>
  </Segment>
</Container>
`;
