// Jest Snapshot v1, https://goo.gl/fbAQLP

exports[`generatePointCloudData Should create the expected plotly point cloud data format when given defaults. 1`] = `
Object {
  "marker": Object {
    "sizemax": 10,
    "sizemin": 5,
  },
  "mode": "markers",
  "type": "pointcloud",
  "xy": Float32Array [
    1,
    2,
    3,
    4,
  ],
}
`;

exports[`generateScatterGLData Should create the expected plotly scatter data format when given defaults. 1`] = `
Object {
  "hoverinfo": "x+y+z",
  "marker": Object {
    "color": "blue",
    "size": 4,
  },
  "mode": "markers",
  "name": "da-bo-dee undefined",
  "text": Array [],
  "type": "scattergl",
  "x": Array [
    9,
    7,
  ],
  "y": Array [
    8,
    6,
  ],
  "z": Array [
    6,
    2,
  ],
}
`;
